// Jest Snapshot v1, https://goo.gl/fbAQLP

exports[`<DragTrigger /> renders DragTrigger component correctly 1`] = `
<DragTrigger
  isBodyTrigger={true}
>
  <div />
</DragTrigger>
`;
